<?xml version="1.0" encoding="utf-8"?><testsuites name="pytest tests"><testsuite name="pytest" errors="0" failures="0" skipped="0" tests="51" time="3.009" timestamp="2025-09-10T20:19:17.735026-05:00" hostname="THUNDERDOME-LAPPY"><testcase classname="tests.integration.test_conversion_process.TestIntegration" name="test_end_to_end_conversion" time="0.012" /><testcase classname="tests.integration.test_conversion_process.TestIntegration" name="test_conversion_with_empty_input" time="0.002" /><testcase classname="tests.integration.test_new_zephyr_format" name="test_zephyr_to_robot_conversion_new_format" time="0.006" /><testcase classname="tests.integration.test_new_zephyr_format" name="test_robot_execution_against_mock_server" time="2.513" /><testcase classname="tests.integration.test_robot_execution" name="test_zephyr_to_robot_conversion_content_logic_only" time="0.002" /><testcase classname="tests.unit.test_cli.TestCommandLineInterface" name="test_main_calls_converter" time="0.002" /><testcase classname="tests.unit.test_cli.TestCommandLineInterface" name="test_cli_fails_with_insufficient_args" time="0.002" /><testcase classname="tests.unit.test_cli.TestCommandLineInterface" name="test_cli_fails_with_too_many_args" time="0.002" /><testcase classname="tests.unit.test_file_converter.TestFileConverter" name="test_load_json_success" time="0.010" /><testcase classname="tests.unit.test_file_converter.TestFileConverter" name="test_load_json_handles_file_not_found" time="0.004" /><testcase classname="tests.unit.test_file_converter.TestFileConverter" name="test_load_json_handles_invalid_json" time="0.004" /><testcase classname="tests.unit.test_file_converter.TestFileConverter" name="test_save_file_success" time="0.004" /><testcase classname="tests.unit.test_file_converter.TestFileConverter" name="test_save_file_handles_io_error" time="0.003" /><testcase classname="tests.unit.test_file_converter.TestFileConverter" name="test_full_conversion_success" time="0.002" /><testcase classname="tests.unit.test_file_converter.TestFileConverter" name="test_full_conversion_handles_load_error" time="0.001" /><testcase classname="tests.unit.test_file_converter.TestFileConverter" name="test_load_json_handles_various_malformed_json" time="0.034" /><testcase classname="tests.unit.test_file_converter.TestFileConverter" name="test_load_json_handles_encoding_issues" time="0.003" /><testcase classname="tests.unit.test_file_converter.TestFileConverter" name="test_load_json_handles_permission_denied" time="0.003" /><testcase classname="tests.unit.test_file_converter.TestFileConverter" name="test_save_file_handles_various_io_errors" time="0.011" /><testcase classname="tests.unit.test_file_converter.TestFileConverter" name="test_save_file_handles_special_characters" time="0.004" /><testcase classname="tests.unit.test_file_converter.TestFileConverter" name="test_convert_propagates_parse_errors" time="0.002" /><testcase classname="tests.unit.test_file_converter.TestFileConverter" name="test_convert_propagates_save_errors" time="0.002" /><testcase classname="tests.unit.test_file_converter.TestFileConverter" name="test_load_json_with_extremely_large_file" time="0.004" /><testcase classname="tests.unit.test_file_converter.TestFileConverter" name="test_path_resolution" time="0.002" /><testcase classname="tests.unit.test_parser.TestParser" name="test_parser_handles_basic_case" time="0.001" /><testcase classname="tests.unit.test_parser.TestParser" name="test_parser_handles_empty_input" time="0.001" /><testcase classname="tests.unit.test_parser.TestParser" name="test_parser_handles_steps" time="0.001" /><testcase classname="tests.unit.test_parser.TestParser" name="test_parser_handles_missing_fields" time="0.001" /><testcase classname="tests.unit.test_parser.TestParser" name="test_parser_handles_zephyr_data" time="0.001" /><testcase classname="tests.unit.test_parser.TestParser" name="test_parser_handles_null_input" time="0.001" /><testcase classname="tests.unit.test_parser.TestParser" name="test_parser_handles_non_dict_input" time="0.001" /><testcase classname="tests.unit.test_parser.TestParser" name="test_parser_handles_invalid_test_structure" time="0.001" /><testcase classname="tests.unit.test_parser.TestParser" name="test_parser_handles_invalid_steps_structure" time="0.001" /><testcase classname="tests.unit.test_parser.TestParser" name="test_parser_handles_zephyr_malformed_structure" time="0.001" /><testcase classname="tests.unit.test_parser.TestParser" name="test_parser_handles_special_characters_in_strings" time="0.001" /><testcase classname="tests.unit.test_parser.TestParser" name="test_parser_handles_deeply_nested_malformed_data" time="0.001" /><testcase classname="tests.unit.test_parser.TestParser" name="test_load_and_parse_json_malformed_input" time="0.001" /><testcase classname="tests.unit.test_workflows.TestGitHubWorkflows" name="test_workflows_directory_exists" time="0.001" /><testcase classname="tests.unit.test_workflows.TestGitHubWorkflows" name="test_workflow_files_exist" time="0.001" /><testcase classname="tests.unit.test_workflows.TestGitHubWorkflows" name="test_workflow_file_exists[workflow_file0]" time="0.001" /><testcase classname="tests.unit.test_workflows.TestGitHubWorkflows" name="test_workflow_file_exists[workflow_file1]" time="0.001" /><testcase classname="tests.unit.test_workflows.TestGitHubWorkflows" name="test_workflow_file_exists[workflow_file2]" time="0.001" /><testcase classname="tests.unit.test_workflows.TestGitHubWorkflows" name="test_workflow_file_exists[workflow_file3]" time="0.001" /><testcase classname="tests.unit.test_workflows.TestGitHubWorkflows" name="test_workflow_yaml_syntax" time="0.034" /><testcase classname="tests.unit.test_workflows.TestGitHubWorkflows" name="test_workflow_structure" time="0.031" /><testcase classname="tests.unit.test_workflows.TestGitHubWorkflows" name="test_test_workflow_specifics" time="0.011" /><testcase classname="tests.unit.test_workflows.TestGitHubWorkflows" name="test_cache_keys_include_python_version" time="0.001" /><testcase classname="tests.unit.test_workflows.TestGitHubWorkflows" name="test_codecov_conditional_upload" time="0.001" /><testcase classname="tests.unit.test_workflows.TestGitHubWorkflows" name="test_workflow_triggers" time="0.032" /><testcase classname="tests.unit.test_workflows.TestGitHubWorkflows" name="test_ubuntu_latest_runner" time="0.033" /><testcase classname="tests.unit.test_workflows.TestGitHubWorkflows" name="test_action_versions_pinned" time="0.001" /></testsuite></testsuites>